// Jest Snapshot v1, https://goo.gl/fbAQLP

exports[`The snapshot should match 1`] = `
<header>
  <h1>
    Expensify App
  </h1>
  <p>
    <[object Object]
      activeClassName="isactive"
      exact={true}
      to="/"
    >
      DASHBOARD
    </[object Object]>
  </p>
  <p>
    <[object Object]
      activeClassName="isactive"
      to="/create"
    >
      CREATE
    </[object Object]>
  </p>
  <p>
    <[object Object]
      activeClassName="isactive"
      to="/help"
    >
      HELP
    </[object Object]>
  </p>
</header>
`;
