// Jest Snapshot v1, https://goo.gl/fbAQLP

exports[`rendered header should match the snapshot 1`] = `
<header>
  <h1>
    Expensify Application
  </h1>
  <p>
    <NavLink
      activeClassName="isactive"
      exact={true}
      to="/"
    >
      DASHBOARD
    </NavLink>
  </p>
  <p>
    <NavLink
      activeClassName="isactive"
      to="/create"
    >
      CREATE
    </NavLink>
  </p>
  <p>
    <NavLink
      activeClassName="isactive"
      to="/help"
    >
      HELP
    </NavLink>
  </p>
</header>
`;
